[EfficientNav] running file: /home/min/test/EfficientNav/efficientnav.py
[EfficientNav] units module: /home/min/test/EfficientNav/units.py
[EfficientNav] planner model: /home/min/test/models/InternVL3-1B
[EfficientNav] H2O cache: enabled=False budget=2048 recent=256 heavy=256 protected_prefix=0
FlashAttention2 is not installed.
[AI2-THOR WARNING] There has been an update to ProcTHOR-10K that must be used with AI2-THOR version 5.0+. To use the new version of ProcTHOR-10K, please update AI2-THOR to version 5.0+ by running:
    pip install --upgrade ai2thor
Alternatively, to downgrade to the old version of ProcTHOR-10K, run:
   prior.load_dataset("procthor-10k", revision="ab3cacd0fc17754d4c080a3fd50b18395fae8647")
Loading train:   0%|          | 0/10000 [00:00<?, ?it/s]Loading train:   9%|▉         | 935/10000 [00:00<00:00, 9347.02it/s]Loading train:  19%|█▉        | 1932/10000 [00:00<00:00, 9713.00it/s]Loading train:  29%|██▉       | 2908/10000 [00:00<00:00, 9725.56it/s]Loading train:  39%|███▉      | 3881/10000 [00:00<00:00, 9474.41it/s]Loading train:  48%|████▊     | 4830/10000 [00:00<00:00, 9365.80it/s]Loading train:  58%|█████▊    | 5768/10000 [00:00<00:00, 9119.03it/s]Loading train:  67%|██████▋   | 6682/10000 [00:00<00:00, 9114.85it/s]Loading train:  76%|███████▌  | 7595/10000 [00:00<00:00, 8981.38it/s]Loading train:  85%|████████▌ | 8549/10000 [00:00<00:00, 9151.21it/s]Loading train:  95%|█████████▌| 9532/10000 [00:01<00:00, 9354.63it/s]Loading train: 100%|██████████| 10000/10000 [00:01<00:00, 9307.79it/s]
Loading val:   0%|          | 0/1000 [00:00<?, ?it/s]Loading val:  99%|█████████▉| 990/1000 [00:00<00:00, 9888.62it/s]Loading val: 100%|██████████| 1000/1000 [00:00<00:00, 9846.50it/s]
Loading test:   0%|          | 0/1000 [00:00<?, ?it/s]Loading test:  98%|█████████▊| 979/1000 [00:00<00:00, 9777.37it/s]Loading test: 100%|██████████| 1000/1000 [00:00<00:00, 9744.04it/s]
Setting `pad_token_id` to `eos_token_id`:151645 for open-end generation.
Setting `pad_token_id` to `eos_token_id`:151645 for open-end generation.
Setting `pad_token_id` to `eos_token_id`:151645 for open-end generation.
Setting `pad_token_id` to `eos_token_id`:151645 for open-end generation.
Setting `pad_token_id` to `eos_token_id`:151645 for open-end generation.
Setting `pad_token_id` to `eos_token_id`:151645 for open-end generation.
Setting `pad_token_id` to `eos_token_id`:151645 for open-end generation.
Setting `pad_token_id` to `eos_token_id`:151645 for open-end generation.
[Debug] selectable goal names count=35 sample=['apple', 'bowl', 'cellphone', 'chair', 'countertop', 'creditcard', 'cup', 'diningtable', 'doorway', 'egg']
[Debug] using requested target object=laptop
[Debug] reachable_positions=992 candidate_objects_for_laptop=1
[Debug] starting independent environment episode=1/1
[Debug] experiment setup: seed=7 goal_instance_index=random start_index=random start_rotation=90.0 start_point=(6.750, 0.901, 9.000)
[Timing] pathfinder goal-distance elapsed=0.160s found=True
real_distance:1.3106601717798212
[Debug] observation rotation: angle=0 pause=0.25s
[Debug] observation rotation: angle=90 pause=0.25s
[Debug] observation rotation: angle=180 pause=0.25s
[Debug] observation rotation: angle=270 pause=0.25s
[Debug] calling detection service: position_id=big+0+0 angle=0 prompt='laptop . window .'
[Debug] received detection service result: position_id=big+0+0 angle=0
[Debug] calling detection service: position_id=big+0+0 angle=90 prompt='laptop . table . chair .'
[Debug] received detection service result: position_id=big+0+0 angle=90
[Debug] calling detection service: position_id=big+0+0 angle=180 prompt='laptop . desk . lamp . sofa .'
[Debug] received detection service result: position_id=big+0+0 angle=180
[Debug] calling detection service: position_id=big+0+0 angle=270 prompt='laptop . sofa . tv stand .'
[Debug] received detection service result: position_id=big+0+0 angle=270
[Debug] box_info_list_sum: [[{'label': 'window', 'box': [9, 261, 446, 826]}, {'label': 'laptop', 'box': [824, 749, 1023, 962]}], [{'label': 'chair', 'box': [716, 771, 1023, 1023]}, {'label': 'table', 'box': [0, 761, 700, 1023]}], [{'label': 'lamp', 'box': [81, 422, 273, 1008]}, {'label': 'sofa', 'box': [973, 620, 1023, 785]}, {'label': 'desk', 'box': [410, 567, 552, 639]}], [{'label': 'sofa', 'box': [0, 560, 724, 805]}, {'label': 'tv stand', 'box': [298, 575, 421, 644]}, {'label': 'laptop', 'box': [318, 523, 409, 585]}]]
window
[Debug] preserving goal candidate: label=laptop angle=0 obj_id=29 visible_ratio=0.030979 bbox=199x210 box_match=0.7647 detection_bbox=199x213
laptop
chair
statue
floorlamp
sofa
chair
tv
[Debug] dropped verified goal candidate: label=laptop angle=270 box=[318, 523, 409, 585] overlaps=tv#46:0.941, wall#54:0.036, tv#48:0.014, bowl#4:0.005, vase#49:0.004
[Debug] max_similar_objs_list: [[('window', 0, 65, 1.0, 'window', array([ 5.970752 ,  1.4993188, 10.508999 ], dtype=float32))], [('laptop', 0, 29, 1.0, 'laptop', array([ 7.6354885,  0.9170662, 10.0352125], dtype=float32))], [('chair', 90, 3, 1.0, 'chair', array([7.860443  , 0.38061038, 8.041011  ], dtype=float32))], [('statue', 90, 44, 0.627722442150116, 'statue', array([7.630681  , 0.96019053, 9.146948  ], dtype=float32))], [('floorlamp', 180, 22, 0.7215485572814941, 'floorlamp', array([7.8611965 , 0.92367643, 7.275919  ], dtype=float32))], [('sofa', 180, 41, 1.0, 'sofa', array([3.4744134 , 0.50392896, 7.191756  ], dtype=float32))], [('chair', 180, 8, 0.6835057735443115, 'chair', array([7.112501  , 0.49567136, 2.7322915 ], dtype=float32))], [('tv', 270, 46, 0.8397394418716431, 'tv', array([0.47341067, 1.0578212 , 7.1917553 ], dtype=float32))]]
[Debug] empty_position: []
 {
    "Place": 0,
    "Angle": 0,
    "Objects": [
        "window",
        "laptop"
    ]
}{
    "Place": 0,
    "Angle": 90,
    "Objects": [
        "chair",
        "statue"
    ]
}{
    "Place": 0,
    "Angle": 180,
    "Objects": [
        "chair",
        "chair",
        "floorlamp",
        "sofa"
    ]
}{
    "Place": 0,
    "Angle": 270,
    "Objects": [
        "tv"
    ]
}
[Debug] allowed planner objects: ['laptop', 'window', 'tv', 'sofa', 'chair', 'statue', 'floorlamp']
[Debug] allowed planner objects by place: {0: ['laptop', 'window', 'sofa', 'chair', 'tv', 'floorlamp', 'statue']}
[Debug] bypassing planner because goal is already observed: {"Place": 0, "Angle": 0, "Objects": ["laptop"]}
{"Place": 0, "Angle": 0, "Objects": ["laptop"]}
[Debug] planner selected: place=0, angle=0, objects=['laptop']
last_key:[]
[Debug] allowed_targets_by_place[0] candidates: [('laptop', 0, 29, 1.0, 'laptop', array([ 7.6354885,  0.9170662, 10.0352125], dtype=float32)), ('window', 0, 65, 1.0, 'window', array([ 5.970752 ,  1.4993188, 10.508999 ], dtype=float32)), ('sofa', 180, 41, 1.0, 'sofa', array([3.4744134 , 0.50392896, 7.191756  ], dtype=float32)), ('chair', 90, 3, 1.0, 'chair', array([7.860443  , 0.38061038, 8.041011  ], dtype=float32)), ('tv', 270, 46, 0.8397394418716431, 'tv', array([0.47341067, 1.0578212 , 7.1917553 ], dtype=float32)), ('floorlamp', 180, 22, 0.7215485572814941, 'floorlamp', array([7.8611965 , 0.92367643, 7.275919  ], dtype=float32)), ('chair', 180, 8, 0.6835057735443115, 'chair', array([7.112501  , 0.49567136, 2.7322915 ], dtype=float32)), ('statue', 90, 44, 0.627722442150116, 'statue', array([7.630681  , 0.96019053, 9.146948  ], dtype=float32))]
[Debug] resolved target tuple: ('laptop', 0, 29, 1.0, 'laptop', array([ 7.6354885,  0.9170662, 10.0352125], dtype=float32)) from representative place 0
[Debug] resolved source place: 0 for representative place 0
0
final_goal:laptop,sub_goal:laptop,place:0,trajectory: laptop in Place 0.
sub_target_id:29
target:laptop
final_goal:laptop
final_length:0
[Timing] pathfinder to-subgoal elapsed=0.191s found=True
[Debug] sub-goal visible on screen: label=laptop ratio=0.018576 bbox=177x223
[Debug] calling detection service: position_id=goal-visible-1-0-3 angle=45 prompt='laptop .'
[Debug] received detection service result: position_id=goal-visible-1-0-3 angle=45
[Debug] final goal visible on screen: label=laptop ratio=0.018576 semantic_bbox=177x223 rgb_bbox=180x225
[Debug] saved final goal bbox: tmp/navigation_images/final_goal_visible_step_3.png
[Debug] final goal detected; approaching GT coordinates before stopping
[Timing] pathfinder final-approach elapsed=0.077s found=True
[Debug] close enough to final goal coordinates: label=laptop distance=1.024
[Timing] episode elapsed=14.336s sr=1 spl=1.0000 final_length=0.6036
[Timing] val_auto episode total elapsed=14.336s goal=laptop sr=1 spl=1.0000 completed_eval_episodes=1/4
[Debug] episode success: final_goal=laptop sr=1 spl=1.0000 final_length=0.6036
[Debug] selectable goal names count=64 sample=['apple', 'baseballbat', 'basketball', 'bed', 'book', 'bowl', 'box', 'bread', 'butterknife', 'candle']
[Debug] using requested target object=laptop
[Debug] reachable_positions=3342 candidate_objects_for_laptop=3
[Debug] starting independent environment episode=1/1
[Debug] experiment setup: seed=7 goal_instance_index=random start_index=random start_rotation=270.0 start_point=(10.250, 0.901, 9.750)
[Timing] pathfinder goal-distance elapsed=28.323s found=True
real_distance:28.331475451951114
[Debug] observation rotation: angle=0 pause=0.25s
[Debug] observation rotation: angle=90 pause=0.25s
[Debug] observation rotation: angle=180 pause=0.25s
[Debug] observation rotation: angle=270 pause=0.25s
[Debug] calling detection service: position_id=big+0+0 angle=0 prompt='laptop .'
[Debug] received detection service result: position_id=big+0+0 angle=0
[Debug] calling detection service: position_id=big+0+0 angle=90 prompt='laptop . doorway . table . floor .'
[Debug] received detection service result: position_id=big+0+0 angle=90
[Debug] calling detection service: position_id=big+0+0 angle=180 prompt='laptop . doorway . ceiling .'
[Debug] received detection service result: position_id=big+0+0 angle=180
[Debug] calling detection service: position_id=big+0+0 angle=270 prompt='laptop . black object . vertical object .'
[Debug] received detection service result: position_id=big+0+0 angle=270
[Debug] box_info_list_sum: [[], [{'label': 'laptop', 'box': [775, 559, 820, 591]}, {'label': 'table', 'box': [732, 580, 860, 680]}, {'label': 'floor', 'box': [370, 643, 1023, 1023]}, {'label': 'doorway', 'box': [442, 433, 589, 759]}], [{'label': 'doorway', 'box': [316, 424, 469, 807]}, {'label': 'ceiling', 'box': [0, 0, 1001, 203]}], [{'label': 'black object', 'box': [230, 752, 750, 1021]}, {'label': 'vertical object', 'box': [397, 84, 532, 1020]}]]
Setting `pad_token_id` to `eos_token_id`:151645 for open-end generation.
Setting `pad_token_id` to `eos_token_id`:151645 for open-end generation.
Setting `pad_token_id` to `eos_token_id`:151645 for open-end generation.
Setting `pad_token_id` to `eos_token_id`:151645 for open-end generation.
Setting `pad_token_id` to `eos_token_id`:151645 for open-end generation.
Setting `pad_token_id` to `eos_token_id`:151645 for open-end generation.
Setting `pad_token_id` to `eos_token_id`:151645 for open-end generation.
Setting `pad_token_id` to `eos_token_id`:151645 for open-end generation.
[Debug] preserving goal candidate: label=laptop angle=90 obj_id=117 visible_ratio=0.000724 bbox=45x32 box_match=0.5153 detection_bbox=45x32
laptop
floor
doorway
doorway
wall
tv
[Debug] max_similar_objs_list: [[('laptop', 90, 117, 1.0, 'laptop', array([15.822378 ,  0.8931596,  6.659296 ], dtype=float32))], [('floor', 90, 97, 0.6794582009315491, 'floor', array([8.1485   , 0.       , 5.0930004], dtype=float32))], [('doorway', 90, 58, 1.0, 'doorway', array([14.478235 ,  1.0376704,  9.763346 ], dtype=float32))], [('doorway', 180, 57, 1.0, 'doorway', array([11.081314 ,  1.0459483,  6.5430164], dtype=float32))], [('wall', 180, 214, 0.6041585206985474, 'wall', array([4.074499 , 1.8875161, 5.0929995], dtype=float32))], [('tv', 270, 180, 0.5620273351669312, 'tv', array([9.025491 , 1.2942309, 9.712589 ], dtype=float32))]]
[Debug] empty_position: []
 {
    "Place": 0,
    "Angle": 0,
    "Objects": [
        "background",
        "shadow"
    ]
}{
    "Place": 0,
    "Angle": 90,
    "Objects": [
        "ceiling",
        "doorway"
    ]
}{
    "Place": 0,
    "Angle": 180,
    "Objects": [
        "wall",
        "doorway"
    ]
}{
    "Place": 0,
    "Angle": 270,
    "Objects": [
        "tv"
    ]
}
[Debug] resolver candidates place=0: exact=3 relaxed_or_synthesized=1
[Debug] allowed planner objects: ['laptop', 'doorway', 'tv']
[Debug] allowed planner objects by place: {0: ['laptop', 'doorway', 'tv']}
[Debug] bypassing planner because goal is already observed: {"Place": 0, "Angle": 90, "Objects": ["laptop"]}
{"Place": 0, "Angle": 90, "Objects": ["laptop"]}
[Debug] planner selected: place=0, angle=90, objects=['laptop']
last_key:[]
[Debug] allowed_targets_by_place[0] candidates: [('laptop', 90, 117, 1.0, 'laptop', array([15.822378 ,  0.8931596,  6.659296 ], dtype=float32)), ('doorway', 90, 58, 1.0, 'doorway', array([14.478235 ,  1.0376704,  9.763346 ], dtype=float32)), ('doorway', 180, 57, 1.0, 'doorway', array([11.081314 ,  1.0459483,  6.5430164], dtype=float32)), ('tv', 270, 180, 0.5620273351669312, 'tv', array([9.025491 , 1.2942309, 9.712589 ], dtype=float32))]
[Debug] resolved target tuple: ('laptop', 90, 117, 1.0, 'laptop', array([15.822378 ,  0.8931596,  6.659296 ], dtype=float32)) from representative place 0
[Debug] resolved source place: 0 for representative place 0
0
final_goal:laptop,sub_goal:laptop,place:0,trajectory: laptop in Place 0.
sub_target_id:117
target:laptop
final_goal:laptop
final_length:0
[Timing] pathfinder to-subgoal elapsed=8.947s found=True
[Debug] observation rotation: angle=0 pause=0.25s
[Debug] observation rotation: angle=90 pause=0.25s
[Debug] observation rotation: angle=180 pause=0.25s
[Debug] observation rotation: angle=270 pause=0.25s
[Debug] calling detection service: position_id=big+1+1 angle=0 prompt='laptop . tile .'
[Debug] received detection service result: position_id=big+1+1 angle=0
[Debug] calling detection service: position_id=big+1+1 angle=90 prompt='laptop . dotted tile . tile .'
[Debug] received detection service result: position_id=big+1+1 angle=90
[Debug] calling detection service: position_id=big+1+1 angle=180 prompt='laptop . cushion . wall .'
[Debug] received detection service result: position_id=big+1+1 angle=180
[Debug] calling detection service: position_id=big+1+1 angle=270 prompt='laptop . table . chairs . chandelier .'
[Debug] received detection service result: position_id=big+1+1 angle=270
[Debug] box_info_list_sum: [[{'label': 'tile', 'box': [0, 0, 1023, 1023]}], [], [], [{'label': 'chandelier', 'box': [363, 387, 432, 449]}, {'label': 'table', 'box': [16, 548, 370, 800]}, {'label': 'chairs', 'box': [0, 601, 326, 845]}]]
wall
wall
floor
chair
[Debug] max_similar_objs_list: [[('wall', 0, 225, 0.6691679954528809, 'wall', array([8.1485   , 1.8875163, 3.0555   ], dtype=float32))], [('wall', 270, 224, 0.5482195019721985, 'wall', array([4.074499 , 1.8875161, 3.0554996], dtype=float32))], [('floor', 270, 101, 0.6794582009315491, 'floor', array([8.1485, 0.    , 3.0555], dtype=float32))], [('chair', 270, 34, 0.9524707198143005, 'chair', array([13.19033   ,  0.43745247,  3.4997663 ], dtype=float32))]]
[Debug] empty_position: []
 {
    "Place": 0,
    "Angle": 0,
    "Objects": [
        "background",
        "shadow"
    ]
}{
    "Place": 0,
    "Angle": 180,
    "Objects": [
        "wall",
        "doorway"
    ]
}{
    "Place": 0,
    "Angle": 270,
    "Objects": [
        "tv"
    ]
} {
    "Place": 1,
    "Angle": 90,
    "Objects": [
        "tile",
        "dotted tile"
    ]
}{
    "Place": 1,
    "Angle": 180,
    "Objects": [
        "wall",
        "cushion"
    ]
}{
    "Place": 1,
    "Angle": 270,
    "Objects": [
        "chair",
        "wall",
        "floor",
        "wall"
    ]
}
[Debug] resolver candidates place=0: exact=2 relaxed_or_synthesized=1
[Debug] allowed planner objects: ['chair']
[Debug] allowed planner objects by place: {0: [], 1: ['chair']}
[Debug] bypassing planner because only one target is allowed: {"Place": 1, "Angle": 270, "Objects": ["chair"]}
{"Place": 1, "Angle": 270, "Objects": ["chair"]}
[Debug] planner selected: place=1, angle=270, objects=['chair']
last_key:['Place 0']
[Debug] allowed_targets_by_place[1] candidates: [('chair', 270, 34, 0.9524707198143005, 'chair', array([13.19033   ,  0.43745247,  3.4997663 ], dtype=float32))]
[Debug] resolved target tuple: ('chair', 270, 34, 0.9524707198143005, 'chair', array([13.19033   ,  0.43745247,  3.4997663 ], dtype=float32)) from representative place 1
[Debug] resolved source place: 1 for representative place 1
1
final_goal:laptop,sub_goal:chair,place:1,trajectory: laptop in Place 0.chair in Place 1.
sub_target_id:34
target:chair
final_goal:laptop
final_length:9.18198013305664
[Timing] pathfinder to-subgoal elapsed=1.135s found=True
[Debug] sub-goal visible on screen: label=chair ratio=0.003491 bbox=86x157
[Debug] observation rotation: angle=0 pause=0.25s
[Debug] observation rotation: angle=90 pause=0.25s
[Debug] observation rotation: angle=180 pause=0.25s
[Debug] observation rotation: angle=270 pause=0.25s
[Debug] calling detection service: position_id=big+2+2 angle=0 prompt='laptop . chair . wall .'
[Debug] received detection service result: position_id=big+2+2 angle=0
[Debug] calling detection service: position_id=big+2+2 angle=90 prompt='laptop . window . tiled wall .'
[Debug] received detection service result: position_id=big+2+2 angle=90
[Debug] calling detection service: position_id=big+2+2 angle=180 prompt='laptop . tv . sofa .'
[Debug] received detection service result: position_id=big+2+2 angle=180
[Debug] calling detection service: position_id=big+2+2 angle=270 prompt='laptop . table . lamp . sofa .'
[Debug] received detection service result: position_id=big+2+2 angle=270
[Debug] box_info_list_sum: [[{'label': 'chair', 'box': [160, 804, 313, 969]}], [{'label': 'window', 'box': [1, 229, 632, 876]}], [{'label': 'tv', 'box': [206, 531, 363, 861]}, {'label': 'sofa', 'box': [833, 640, 1023, 944]}], [{'label': 'sofa', 'box': [0, 646, 407, 951]}, {'label': 'lamp', 'box': [817, 475, 881, 704]}, {'label': 'laptop', 'box': [412, 522, 454, 559]}, {'label': 'table', 'box': [412, 559, 532, 619]}]]
chair
window
tv
sofa
floorlamp
[Debug] dropped verified goal candidate: label=laptop angle=270 box=[412, 522, 454, 559] overlaps=tv#181:0.746, sofa#171:0.178, wall#220:0.073, tv#192:0.003
floor
[Debug] max_similar_objs_list: [[('chair', 0, 40, 1.0, 'chair', array([12.633856 ,  0.4374523,  3.997711 ], dtype=float32))], [('window', 90, 277, 1.0, 'window', array([14.26     ,  1.497977 ,  3.3877945], dtype=float32))], [('tv', 180, 182, 1.0, 'tv', array([13.933244 ,  1.1209931,  1.2657913], dtype=float32))], [('sofa', 180, 170, 1.0, 'sofa', array([10.95719   ,  0.45491183,  1.2657889 ], dtype=float32))], [('floorlamp', 270, 104, 0.7215485572814941, 'floorlamp', array([8.887409 , 0.93431  , 5.8696885], dtype=float32))], [('floor', 270, 93, 0.6794582009315491, 'floor', array([4.0745, 0.    , 2.037 ], dtype=float32))]]
[Debug] empty_position: []
Setting `pad_token_id` to `eos_token_id`:151645 for open-end generation.
Setting `pad_token_id` to `eos_token_id`:151645 for open-end generation.
Setting `pad_token_id` to `eos_token_id`:151645 for open-end generation.
Setting `pad_token_id` to `eos_token_id`:151645 for open-end generation.
Setting `pad_token_id` to `eos_token_id`:151645 for open-end generation.
Setting `pad_token_id` to `eos_token_id`:151645 for open-end generation.
Setting `pad_token_id` to `eos_token_id`:151645 for open-end generation.
Setting `pad_token_id` to `eos_token_id`:151645 for open-end generation.
 {
    "Place": 0,
    "Angle": 0,
    "Objects": [
        "background",
        "shadow"
    ]
}{
    "Place": 0,
    "Angle": 180,
    "Objects": [
        "wall",
        "doorway"
    ]
}{
    "Place": 0,
    "Angle": 270,
    "Objects": [
        "tv"
    ]
} {
    "Place": 1,
    "Angle": 90,
    "Objects": [
        "tile",
        "dotted tile"
    ]
}{
    "Place": 1,
    "Angle": 180,
    "Objects": [
        "wall",
        "cushion"
    ]
} {
    "Place": 2,
    "Angle": 0,
    "Objects": [
        "wall",
        "chair"
    ]
}{
    "Place": 2,
    "Angle": 90,
    "Objects": [
        "tiled wall",
        "window"
    ]
}{
    "Place": 2,
    "Angle": 180,
    "Objects": [
        "sofa",
        "tv"
    ]
}{
    "Place": 2,
    "Angle": 270,
    "Objects": [
        "floorlamp",
        "potted plant",
        "floor"
    ]
}
[Debug] resolver candidates place=0: exact=2 relaxed_or_synthesized=1
[Debug] resolver candidates place=1: exact=0 relaxed_or_synthesized=1
[Debug] allowed planner objects: ['window', 'tv', 'sofa', 'chair', 'floorlamp']
[Debug] allowed planner objects by place: {0: [], 1: [], 2: ['window', 'tv', 'sofa', 'chair', 'floorlamp']}
The above is a description of different places in different angles in the environment.Your can get to any place described in the json data. Your goal is to find the laptop. Based on the above json data, please choose one specific object to travel to as your target. If your goal is already in the description, please choose it as the target. You must choose an object only from this allowed list: window, tv, sofa, chair, floorlamp. Do not output any object name that is not in the allowed list. Valid choosable objects by place are: Place 2: window, tv, sofa, chair, floorlamp. The Objects field must contain exactly one object from the chosen place list.Note that you can travel to door or door frame to other spaces if there are no clear evidence to choose the target.  Return exactly one JSON object by referring to the following template.
            {"Place": x, "Angle": x, "Objects": ["xxxx"] }
            If your goal is already in the description, please choose it as the target. You should not output any explanation, markdown, prose, examples, or extra text before or after the JSON. Note that your should choose only one object in one angle of one place in the json data as the target.
{"Place": 2, "Angle": 0, "Objects": ["window"]}
[Timing] planning mode=kv elapsed=1.291s
{"Place": 2, "Angle": 0, "Objects": ["window"]}
[Debug] planner selected: place=2, angle=0, objects=['window']
last_key:['Place 0', 'Place 1']
[Debug] allowed_targets_by_place[2] candidates: [('window', 90, 277, 1.0, 'window', array([14.26     ,  1.497977 ,  3.3877945], dtype=float32)), ('tv', 180, 182, 1.0, 'tv', array([13.933244 ,  1.1209931,  1.2657913], dtype=float32)), ('sofa', 180, 170, 1.0, 'sofa', array([10.95719   ,  0.45491183,  1.2657889 ], dtype=float32)), ('chair', 0, 40, 1.0, 'chair', array([12.633856 ,  0.4374523,  3.997711 ], dtype=float32)), ('floorlamp', 270, 104, 0.7215485572814941, 'floorlamp', array([8.887409 , 0.93431  , 5.8696885], dtype=float32))]
[Debug] resolved target tuple: ('window', 90, 277, 1.0, 'window', array([14.26     ,  1.497977 ,  3.3877945], dtype=float32)) from representative place 2
[Debug] resolved source place: 2 for representative place 2
2
final_goal:laptop,sub_goal:window,place:2,trajectory: laptop in Place 0.chair in Place 1.window in Place 2.
sub_target_id:277
target:window
final_goal:laptop
final_length:13.260406494140625
[Timing] pathfinder to-subgoal elapsed=0.175s found=True
[Debug] sub-goal visible on screen: label=window ratio=0.470857 bbox=595x1024
[Debug] observation rotation: angle=0 pause=0.25s
[Debug] observation rotation: angle=90 pause=0.25s
[Debug] observation rotation: angle=180 pause=0.25s
[Debug] observation rotation: angle=270 pause=0.25s
[Debug] calling detection service: position_id=big+3+3 angle=0 prompt='laptop . doorframe . wall .'
[Debug] received detection service result: position_id=big+3+3 angle=0
[Debug] calling detection service: position_id=big+3+3 angle=90 prompt='laptop . building . wall .'
[Debug] received detection service result: position_id=big+3+3 angle=90
[Debug] calling detection service: position_id=big+3+3 angle=180 prompt='laptop . tv . sofa .'
[Debug] received detection service result: position_id=big+3+3 angle=180
[Debug] calling detection service: position_id=big+3+3 angle=270 prompt='laptop . table . lamp . plant .'
[Debug] received detection service result: position_id=big+3+3 angle=270
[Debug] box_info_list_sum: [[{'label': 'wall', 'box': [853, 1, 1022, 1022]}], [{'label': 'wall', 'box': [0, 1, 390, 1021]}], [{'label': 'sofa', 'box': [899, 636, 1023, 820]}, {'label': 'tv', 'box': [518, 527, 540, 758]}], [{'label': 'plant', 'box': [387, 588, 510, 745]}, {'label': 'lamp', 'box': [723, 481, 776, 675]}, {'label': 'table', 'box': [390, 555, 501, 608]}]]
tv
plant
[Debug] max_similar_objs_list: [[('tv', 180, 193, 1.0, 'tv', array([13.933247  ,  0.37625453,  1.2657917 ], dtype=float32))], [('plant', 270, 112, 1.0, 'plant', array([12.382526 ,  1.0490179,  3.3026695], dtype=float32))]]
[Debug] empty_position: []
 {
    "Place": 0,
    "Angle": 0,
    "Objects": [
        "background",
        "shadow"
    ]
}{
    "Place": 0,
    "Angle": 180,
    "Objects": [
        "wall",
        "doorway"
    ]
}{
    "Place": 0,
    "Angle": 270,
    "Objects": [
        "tv"
    ]
} {
    "Place": 1,
    "Angle": 90,
    "Objects": [
        "tile",
        "dotted tile"
    ]
}{
    "Place": 1,
    "Angle": 180,
    "Objects": [
        "wall",
        "cushion"
    ]
} {
    "Place": 2,
    "Angle": 0,
    "Objects": [
        "wall",
        "chair"
    ]
}{
    "Place": 2,
    "Angle": 180,
    "Objects": [
        "sofa",
        "tv"
    ]
}{
    "Place": 2,
    "Angle": 270,
    "Objects": [
        "floorlamp",
        "potted plant",
        "floor"
    ]
} {
    "Place": 3,
    "Angle": 0,
    "Objects": [
        "doorframe"
    ]
}{
    "Place": 3,
    "Angle": 90,
    "Objects": [
        "building"
    ]
}{
    "Place": 3,
    "Angle": 180,
    "Objects": [
        "tv"
    ]
}{
    "Place": 3,
    "Angle": 270,
    "Objects": [
        "chairs",
        "plant"
    ]
}
[Debug] resolver candidates place=0: exact=2 relaxed_or_synthesized=1
[Debug] resolver candidates place=1: exact=0 relaxed_or_synthesized=1
[Debug] allowed planner objects: ['doorway']
[Debug] allowed planner objects by place: {0: ['doorway'], 1: [], 2: []}
[Debug] bypassing planner because only one target is allowed: {"Place": 0, "Angle": 180, "Objects": ["doorway"]}
{"Place": 0, "Angle": 180, "Objects": ["doorway"]}
[Debug] planner selected: place=0, angle=180, objects=['doorway']
last_key:['Place 0', 'Place 1', 'Place 2']
[Debug] allowed_targets_by_place[0] candidates: [('doorway', 180, 57, 1.0, 'doorway', array([11.081314 ,  1.0459483,  6.5430164], dtype=float32)), ('tv', 270, 180, 0.5620273351669312, 'tv', array([9.025491 , 1.2942309, 9.712589 ], dtype=float32)), ('doorway', 90, 58, 1.0, 'doorway', array([14.478235 ,  1.0376704,  9.763346 ], dtype=float32))]
[Debug] resolved target tuple: ('doorway', 180, 57, 1.0, 'doorway', array([11.081314 ,  1.0459483,  6.5430164], dtype=float32)) from representative place 0
[Debug] resolved source place: 0 for representative place 0
0
final_goal:laptop,sub_goal:doorway,place:0,trajectory: laptop in Place 0.chair in Place 1.window in Place 2.doorway in Place 0.
sub_target_id:57
target:doorway
final_goal:laptop
final_length:14.217513084411621
[Timing] pathfinder to-subgoal elapsed=2.392s found=True
[Debug] sub-goal visible on screen: label=doorway ratio=0.029178 bbox=223x539
Agent is within 1m of the target. Stopping.
[Debug] observation rotation: angle=0 pause=0.25s
[Debug] observation rotation: angle=90 pause=0.25s
[Debug] observation rotation: angle=180 pause=0.25s
[Debug] observation rotation: angle=270 pause=0.25s
[Debug] calling detection service: position_id=big+4+4 angle=0 prompt='laptop . doorway . tv .'
[Debug] received detection service result: position_id=big+4+4 angle=0
Setting `pad_token_id` to `eos_token_id`:151645 for open-end generation.
Setting `pad_token_id` to `eos_token_id`:151645 for open-end generation.
Setting `pad_token_id` to `eos_token_id`:151645 for open-end generation.
Setting `pad_token_id` to `eos_token_id`:151645 for open-end generation.
[Debug] calling detection service: position_id=big+4+4 angle=90 prompt='laptop . doorway . table . ceiling .'
[Debug] received detection service result: position_id=big+4+4 angle=90
[Debug] calling detection service: position_id=big+4+4 angle=180 prompt='laptop . table . chandelier . wall art .'
[Debug] received detection service result: position_id=big+4+4 angle=180
[Debug] calling detection service: position_id=big+4+4 angle=270 prompt='laptop . tv . shelf .'
[Debug] received detection service result: position_id=big+4+4 angle=270
[Debug] box_info_list_sum: [[{'label': 'tv', 'box': [0, 455, 276, 664]}, {'label': 'doorway', 'box': [847, 418, 992, 832]}], [{'label': 'doorway', 'box': [79, 452, 204, 709]}, {'label': 'ceiling', 'box': [0, 0, 660, 290]}, {'label': 'laptop', 'box': [505, 570, 540, 609]}, {'label': 'table', 'box': [445, 595, 550, 723]}], [{'label': 'chandelier', 'box': [457, 381, 524, 445]}, {'label': 'table', 'box': [283, 620, 513, 791]}], [{'label': 'shelf', 'box': [3, 115, 751, 1023]}, {'label': 'tv', 'box': [998, 456, 1023, 665]}]]
[Debug] preserving goal candidate: label=laptop angle=90 obj_id=117 visible_ratio=0.000405 bbox=33x40 box_match=0.2938 detection_bbox=35x39
wall
chair
[Debug] max_similar_objs_list: [[('wall', 180, 229, 0.5482195019721985, 'wall', array([7.13     , 1.8875161, 0.       ], dtype=float32))], [('chair', 180, 41, 0.7113682627677917, 'chair', array([11.68861   ,  0.43745252,  3.9979107 ], dtype=float32))]]
[Debug] empty_position: [0, 3]
 {
    "Place": 0,
    "Angle": 0,
    "Objects": [
        "background",
        "shadow"
    ]
}{
    "Place": 0,
    "Angle": 270,
    "Objects": [
        "tv"
    ]
} {
    "Place": 1,
    "Angle": 90,
    "Objects": [
        "tile",
        "dotted tile"
    ]
}{
    "Place": 1,
    "Angle": 180,
    "Objects": [
        "wall",
        "cushion"
    ]
} {
    "Place": 2,
    "Angle": 0,
    "Objects": [
        "wall",
        "chair"
    ]
}{
    "Place": 2,
    "Angle": 180,
    "Objects": [
        "sofa",
        "tv"
    ]
}{
    "Place": 2,
    "Angle": 270,
    "Objects": [
        "floorlamp",
        "potted plant",
        "floor"
    ]
} {
    "Place": 3,
    "Angle": 0,
    "Objects": [
        "doorframe"
    ]
}{
    "Place": 3,
    "Angle": 90,
    "Objects": [
        "building"
    ]
}{
    "Place": 3,
    "Angle": 180,
    "Objects": [
        "tv"
    ]
}{
    "Place": 3,
    "Angle": 270,
    "Objects": [
        "chairs",
        "plant"
    ]
} {
    "Place": 4,
    "Angle": 0,
    "Objects": [
        "doorway"
    ]
}{
    "Place": 4,
    "Angle": 180,
    "Objects": [
        "ceiling",
        "chair",
        "wall art",
        "wall"
    ]
}{
    "Place": 4,
    "Angle": 270,
    "Objects": [
        "tv"
    ]
}
[Debug] resolver candidates place=0: exact=1 relaxed_or_synthesized=1
[Debug] resolver candidates place=1: exact=0 relaxed_or_synthesized=1
[Debug] allowed planner objects: ['doorway']
[Debug] allowed planner objects by place: {0: ['doorway'], 1: [], 2: []}
[Debug] bypassing planner because only one target is allowed: {"Place": 0, "Angle": 90, "Objects": ["doorway"]}
{"Place": 0, "Angle": 90, "Objects": ["doorway"]}
[Debug] planner selected: place=0, angle=90, objects=['doorway']
last_key:['Place 0', 'Place 1', 'Place 2', 'Place 0']
[Debug] allowed_targets_by_place[0] candidates: [('chair', 180, 41, 0.7113682627677917, 'chair', array([11.68861   ,  0.43745252,  3.9979107 ], dtype=float32)), ('tv', 270, 180, 0.5620273351669312, 'tv', array([9.025491 , 1.2942309, 9.712589 ], dtype=float32)), ('doorway', 90, 58, 1.0, 'doorway', array([14.478235 ,  1.0376704,  9.763346 ], dtype=float32))]
[Debug] resolved target tuple: ('doorway', 90, 58, 1.0, 'doorway', array([14.478235 ,  1.0376704,  9.763346 ], dtype=float32)) from representative place 0
[Debug] resolved source place: 0 for representative place 0
0
final_goal:laptop,sub_goal:doorway,place:0,trajectory: laptop in Place 0.chair in Place 1.window in Place 2.doorway in Place 0.
sub_target_id:58
target:doorway
final_goal:laptop
final_length:17.63172721862793
[Timing] pathfinder to-subgoal elapsed=3.294s found=True
[Debug] sub-goal visible on screen: label=doorway ratio=0.039315 bbox=91x474
Agent is within 1m of the target. Stopping.
[Debug] observation rotation: angle=0 pause=0.25s
[Debug] observation rotation: angle=90 pause=0.25s
[Debug] observation rotation: angle=180 pause=0.25s
[Debug] observation rotation: angle=270 pause=0.25s
[Debug] calling detection service: position_id=big+5+5 angle=0 prompt='laptop . table . bathroom sink .'
[Debug] received detection service result: position_id=big+5+5 angle=0
[Debug] calling detection service: position_id=big+5+5 angle=90 prompt='laptop . doorway . wall .'
[Debug] received detection service result: position_id=big+5+5 angle=90
[Debug] calling detection service: position_id=big+5+5 angle=180 prompt='laptop . table . chair .'
[Debug] received detection service result: position_id=big+5+5 angle=180
[Debug] calling detection service: position_id=big+5+5 angle=270 prompt='laptop . doorway . ceiling .'
[Debug] received detection service result: position_id=big+5+5 angle=270
[Debug] box_info_list_sum: [[{'label': 'table', 'box': [359, 572, 512, 650]}, {'label': 'bathroom sink', 'box': [773, 588, 956, 874]}], [{'label': 'doorway', 'box': [177, 298, 620, 1021]}], [{'label': 'laptop', 'box': [181, 603, 276, 670]}, {'label': 'table', 'box': [53, 652, 373, 870]}, {'label': 'chair', 'box': [105, 618, 320, 928]}], [{'label': 'doorway', 'box': [24, 444, 165, 738]}, {'label': 'ceiling', 'box': [0, 0, 1022, 328]}]]
floor
sink
[Debug] preserving goal candidate: label=laptop angle=180 obj_id=117 visible_ratio=0.004280 bbox=95x66 box_match=0.7051 detection_bbox=95x67
chair
wall
[Debug] max_similar_objs_list: [[('floor', 0, 102, 0.6794582009315491, 'floor', array([8.1485, 0.    , 9.167 ], dtype=float32))], [('sink', 0, 164, 0.8100252747535706, 'sink', array([15.910654 ,  0.4880426, 11.919998 ], dtype=float32))], [('chair', 180, 33, 0.7113682627677917, 'chair', array([15.677233  ,  0.43747374,  7.344473  ], dtype=float32))], [('wall', 270, 230, 0.6041585206985474, 'wall', array([8.1485   , 1.8875163, 5.093    ], dtype=float32))]]
[Debug] empty_position: [2]
 {
    "Place": 0,
    "Angle": 0,
    "Objects": [
        "background",
        "shadow"
    ]
}{
    "Place": 0,
    "Angle": 270,
    "Objects": [
        "tv"
    ]
} {
    "Place": 1,
    "Angle": 90,
    "Objects": [
        "tile",
        "dotted tile"
    ]
}{
    "Place": 1,
    "Angle": 180,
    "Objects": [
        "wall",
        "cushion"
    ]
} {
    "Place": 2,
    "Angle": 0,
    "Objects": [
        "wall",
        "chair"
    ]
}{
    "Place": 2,
    "Angle": 180,
    "Objects": [
        "sofa",
        "tv"
    ]
}{
    "Place": 2,
    "Angle": 270,
    "Objects": [
        "floorlamp",
        "potted plant",
        "floor"
    ]
} {
    "Place": 3,
    "Angle": 0,
    "Objects": [
        "doorframe"
    ]
}{
    "Place": 3,
    "Angle": 90,
    "Objects": [
        "building"
    ]
}{
    "Place": 3,
    "Angle": 180,
    "Objects": [
        "tv"
    ]
}{
    "Place": 3,
    "Angle": 270,
    "Objects": [
        "chairs",
        "plant"
    ]
} {
    "Place": 4,
    "Angle": 0,
    "Objects": [
        "doorway"
    ]
}{
    "Place": 4,
    "Angle": 180,
    "Objects": [
        "ceiling",
        "chair",
        "wall art",
        "wall"
    ]
}{
    "Place": 4,
    "Angle": 270,
    "Objects": [
        "tv"
    ]
} {
    "Place": 5,
    "Angle": 0,
    "Objects": [
        "sink",
        "floor"
    ]
}{
    "Place": 5,
    "Angle": 180,
    "Objects": [
        "chair",
        "chair"
    ]
}
[Debug] resolver candidates place=1: exact=0 relaxed_or_synthesized=1
[Debug] allowed planner objects: []
[Debug] allowed planner objects by place: {0: [], 1: [], 2: []}
[Debug] resolver candidates place=1: exact=0 relaxed_or_synthesized=1
[Debug] no allowed planner objects and no deterministic fallback; stopping episode
[Timing] episode elapsed=168.060s sr=0 spl=0.0000 final_length=23.1850
Setting `pad_token_id` to `eos_token_id`:151645 for open-end generation.
Setting `pad_token_id` to `eos_token_id`:151645 for open-end generation.
Setting `pad_token_id` to `eos_token_id`:151645 for open-end generation.
Setting `pad_token_id` to `eos_token_id`:151645 for open-end generation.
Setting `pad_token_id` to `eos_token_id`:151645 for open-end generation.
Setting `pad_token_id` to `eos_token_id`:151645 for open-end generation.
Setting `pad_token_id` to `eos_token_id`:151645 for open-end generation.
Setting `pad_token_id` to `eos_token_id`:151645 for open-end generation.
[Timing] val_auto episode total elapsed=168.060s goal=laptop sr=0 spl=0.0000 completed_eval_episodes=2/4
[Debug] selectable goal names count=41 sample=['apple', 'basketball', 'bed', 'book', 'bowl', 'box', 'butterknife', 'candle', 'cd', 'chair']
[Debug] using requested target object=laptop
[Debug] reachable_positions=252 candidate_objects_for_laptop=1
[Debug] starting independent environment episode=1/1
[Debug] experiment setup: seed=7 goal_instance_index=random start_index=random start_rotation=90.0 start_point=(2.250, 0.901, 0.500)
[Timing] pathfinder goal-distance elapsed=0.013s found=True
real_distance:1.0
[Debug] observation rotation: angle=0 pause=0.25s
[Debug] observation rotation: angle=90 pause=0.25s
[Debug] observation rotation: angle=180 pause=0.25s
[Debug] observation rotation: angle=270 pause=0.25s
[Debug] calling detection service: position_id=big+0+0 angle=0 prompt='laptop . desk . remote . keychain .'
[Debug] received detection service result: position_id=big+0+0 angle=0
[Debug] calling detection service: position_id=big+0+0 angle=90 prompt='laptop . picture frame . wall .'
[Debug] received detection service result: position_id=big+0+0 angle=90
[Debug] calling detection service: position_id=big+0+0 angle=180 prompt='laptop . tile .'
[Debug] received detection service result: position_id=big+0+0 angle=180
[Debug] calling detection service: position_id=big+0+0 angle=270 prompt='laptop . remote . pillow . bed .'
[Debug] received detection service result: position_id=big+0+0 angle=270
[Debug] box_info_list_sum: [[{'label': 'laptop', 'box': [640, 751, 811, 866]}, {'label': 'desk', 'box': [608, 727, 1023, 1022]}, {'label': 'keychain', 'box': [835, 790, 910, 817]}, {'label': 'remote', 'box': [772, 774, 859, 842]}], [{'label': 'picture frame', 'box': [0, 139, 129, 404]}, {'label': 'wall', 'box': [0, 1, 1022, 1022]}], [{'label': 'tile', 'box': [0, 0, 1023, 1022]}], [{'label': 'remote', 'box': [425, 939, 454, 1016]}, {'label': 'pillow', 'box': [536, 857, 716, 1023]}, {'label': 'bed', 'box': [331, 596, 736, 1023]}]]
[Debug] preserving goal candidate: label=laptop angle=0 obj_id=37 visible_ratio=0.013309 bbox=169x113 box_match=0.7036 detection_bbox=171x115
laptop
dresser
remotecontrol
painting
wall
bed
pillow
[Debug] max_similar_objs_list: [[('laptop', 0, 37, 1.0, 'laptop', array([2.673609  , 0.99222696, 1.5374721 ], dtype=float32))], [('dresser', 0, 23, 0.7508470416069031, 'dresser', array([2.8636615 , 0.48569733, 1.5465158 ], dtype=float32))], [('remotecontrol', 0, 49, 0.8624249696731567, 'remotecontrol', array([2.8625822 , 0.98071736, 1.5370795 ], dtype=float32))], [('painting', 90, 38, 0.5644656419754028, 'painting', array([3.2171295, 2.0282753, 1.5678673], dtype=float32))], [('wall', 90, 68, 1.0, 'wall', array([1.619    , 1.6391454, 0.       ], dtype=float32))], [('bed', 270, 3, 0.6064897179603577, 'bed', array([1.0177794 , 0.6060875 , 0.54806876], dtype=float32))], [('pillow', 270, 47, 1.0, 'pillow', array([1.0218773 , 0.5509214 , 0.76637924], dtype=float32))]]
[Debug] empty_position: []
 {
    "Place": 0,
    "Angle": 0,
    "Objects": [
        "dresser",
        "remotecontrol",
        "laptop"
    ]
}{
    "Place": 0,
    "Angle": 90,
    "Objects": [
        "wall",
        "painting"
    ]
}{
    "Place": 0,
    "Angle": 180,
    "Objects": [
        "shadows"
    ]
}{
    "Place": 0,
    "Angle": 270,
    "Objects": [
        "pillow",
        "basketball"
    ]
}
[Debug] allowed planner objects: ['laptop', 'pillow', 'dresser', 'remotecontrol', 'painting']
[Debug] allowed planner objects by place: {0: ['laptop', 'pillow', 'remotecontrol', 'dresser', 'painting']}
[Debug] bypassing planner because goal is already observed: {"Place": 0, "Angle": 0, "Objects": ["laptop"]}
{"Place": 0, "Angle": 0, "Objects": ["laptop"]}
[Debug] planner selected: place=0, angle=0, objects=['laptop']
last_key:[]
[Debug] allowed_targets_by_place[0] candidates: [('laptop', 0, 37, 1.0, 'laptop', array([2.673609  , 0.99222696, 1.5374721 ], dtype=float32)), ('pillow', 270, 47, 1.0, 'pillow', array([1.0218773 , 0.5509214 , 0.76637924], dtype=float32)), ('remotecontrol', 0, 49, 0.8624249696731567, 'remotecontrol', array([2.8625822 , 0.98071736, 1.5370795 ], dtype=float32)), ('dresser', 0, 23, 0.7508470416069031, 'dresser', array([2.8636615 , 0.48569733, 1.5465158 ], dtype=float32)), ('painting', 90, 38, 0.5644656419754028, 'painting', array([3.2171295, 2.0282753, 1.5678673], dtype=float32))]
[Debug] resolved target tuple: ('laptop', 0, 37, 1.0, 'laptop', array([2.673609  , 0.99222696, 1.5374721 ], dtype=float32)) from representative place 0
[Debug] resolved source place: 0 for representative place 0
0
final_goal:laptop,sub_goal:laptop,place:0,trajectory: laptop in Place 0.
sub_target_id:37
target:laptop
final_goal:laptop
final_length:0
[Timing] pathfinder to-subgoal elapsed=0.013s found=True
[Debug] sub-goal visible on screen: label=laptop ratio=0.030491 bbox=256x192
[Debug] calling detection service: position_id=goal-visible-1-0-1 angle=0 prompt='laptop .'
[Debug] received detection service result: position_id=goal-visible-1-0-1 angle=0
[Debug] final goal visible on screen: label=laptop ratio=0.030491 semantic_bbox=256x192 rgb_bbox=257x194
[Debug] saved final goal bbox: tmp/navigation_images/final_goal_visible_step_1.png
[Debug] final goal detected; approaching GT coordinates before stopping
[Timing] pathfinder final-approach elapsed=0.011s found=True
[Debug] close enough to final goal coordinates: label=laptop distance=0.690
[Timing] episode elapsed=14.511s sr=1 spl=1.0000 final_length=0.2500
[Timing] val_auto episode total elapsed=14.511s goal=laptop sr=1 spl=1.0000 completed_eval_episodes=3/4
[Debug] episode success: final_goal=laptop sr=1 spl=1.0000 final_length=0.2500
[Debug] selectable goal names count=29 sample=['alarmclock', 'baseballbat', 'bed', 'book', 'bowl', 'box', 'cellphone', 'chair', 'desk', 'dogbed']
[Debug] using requested target object=laptop
[Debug] reachable_positions=82 candidate_objects_for_laptop=1
[Debug] starting independent environment episode=1/1
[Debug] experiment setup: seed=7 goal_instance_index=random start_index=random start_rotation=270.0 start_point=(4.500, 0.901, 3.750)
[Timing] pathfinder goal-distance elapsed=0.010s found=True
real_distance:1.4571067811865475
[Debug] observation rotation: angle=0 pause=0.25s
[Debug] observation rotation: angle=90 pause=0.25s
[Debug] observation rotation: angle=180 pause=0.25s
[Debug] observation rotation: angle=270 pause=0.25s
[Debug] calling detection service: position_id=big+0+0 angle=0 prompt='laptop . doorway . cylindrical trash can .'
[Debug] received detection service result: position_id=big+0+0 angle=0
[Debug] calling detection service: position_id=big+0+0 angle=90 prompt='laptop . doorway . wall .'
[Debug] received detection service result: position_id=big+0+0 angle=90
[Debug] calling detection service: position_id=big+0+0 angle=180 prompt='laptop . bed . plastic tray . nightstand .'
[Debug] received detection service result: position_id=big+0+0 angle=180
[Debug] calling detection service: position_id=big+0+0 angle=270 prompt='laptop . doorway . mirror .'
[Debug] received detection service result: position_id=big+0+0 angle=270
[Debug] box_info_list_sum: [[{'label': 'doorway', 'box': [852, 157, 1022, 1021]}], [{'label': 'doorway', 'box': [0, 156, 458, 1021]}], [{'label': 'laptop', 'box': [562, 698, 674, 736]}, {'label': 'bed', 'box': [239, 619, 897, 1022]}, {'label': 'plastic tray', 'box': [808, 779, 1011, 882]}, {'label': 'nightstand', 'box': [788, 632, 976, 783]}], []]
doorway
[Debug] preserving goal candidate: label=laptop angle=180 obj_id=25 visible_ratio=0.003296 bbox=111x35 box_match=0.8120 detection_bbox=112x38
laptop
bed
floor
dresser
[Debug] max_similar_objs_list: [[('doorway', 0, 12, 1.0, 'doorway', array([5.323    , 1.0517943, 4.357685 ], dtype=float32))], [('laptop', 180, 25, 1.0, 'laptop', array([4.0820193, 0.7397289, 1.669571 ], dtype=float32))], [('bed', 180, 4, 1.0, 'bed', array([4.4675746 , 0.41503024, 1.1446434 ], dtype=float32))], [('floor', 180, 20, 0.5766998529434204, 'floor', array([2.6615, 0.    , 1.7745], dtype=float32))], [('dresser', 180, 17, 0.6982331275939941, 'dresser', array([2.1483593 , 0.3349687 , 0.39855504], dtype=float32))]]
[Debug] empty_position: []
 {
    "Place": 0,
    "Angle": 0,
    "Objects": [
        "cylindrical trash can",
        "doorway"
    ]
}{
    "Place": 0,
    "Angle": 180,
    "Objects": [
        "floor",
        "bed",
        "teddy bear",
        "dresser"
    ]
}{
    "Place": 0,
    "Angle": 270,
    "Objects": [
        "mirror",
        "doorway"
    ]
}
[Debug] resolver candidates place=0: exact=3 relaxed_or_synthesized=1
[Debug] allowed planner objects: ['laptop', 'doorway', 'bed', 'dresser']
[Debug] allowed planner objects by place: {0: ['laptop', 'doorway', 'bed', 'dresser']}
[Debug] bypassing planner because goal is already observed: {"Place": 0, "Angle": 180, "Objects": ["laptop"]}
{"Place": 0, "Angle": 180, "Objects": ["laptop"]}
[Debug] planner selected: place=0, angle=180, objects=['laptop']
last_key:[]
[Debug] allowed_targets_by_place[0] candidates: [('laptop', 180, 25, 1.0, 'laptop', array([4.0820193, 0.7397289, 1.669571 ], dtype=float32)), ('doorway', 0, 12, 1.0, 'doorway', array([5.323    , 1.0517943, 4.357685 ], dtype=float32)), ('bed', 180, 4, 1.0, 'bed', array([4.4675746 , 0.41503024, 1.1446434 ], dtype=float32)), ('dresser', 180, 17, 0.6982331275939941, 'dresser', array([2.1483593 , 0.3349687 , 0.39855504], dtype=float32))]
[Debug] resolved target tuple: ('laptop', 180, 25, 1.0, 'laptop', array([4.0820193, 0.7397289, 1.669571 ], dtype=float32)) from representative place 0
[Debug] resolved source place: 0 for representative place 0
0
final_goal:laptop,sub_goal:laptop,place:0,trajectory: laptop in Place 0.
sub_target_id:25
target:laptop
final_goal:laptop
final_length:0
[Timing] pathfinder to-subgoal elapsed=0.011s found=True
[Debug] sub-goal visible on screen: label=laptop ratio=0.008504 bbox=182x98
[Debug] calling detection service: position_id=goal-visible-1-0-4 angle=180 prompt='laptop .'
[Debug] received detection service result: position_id=goal-visible-1-0-4 angle=180
[Debug] final goal visible on screen: label=laptop ratio=0.011678 semantic_bbox=169x79 rgb_bbox=169x82
[Debug] saved final goal bbox: tmp/navigation_images/final_goal_visible_step_4.png
[Debug] final goal detected; approaching GT coordinates before stopping
[Timing] pathfinder final-approach elapsed=0.005s found=True
[Debug] close enough to final goal coordinates: label=laptop distance=1.105
[Timing] episode elapsed=15.331s sr=1 spl=1.0000 final_length=0.8536
[Timing] val_auto episode total elapsed=15.332s goal=laptop sr=1 spl=1.0000 completed_eval_episodes=4/4
[Debug] episode success: final_goal=laptop sr=1 spl=1.0000 final_length=0.8536
