[EfficientNav] running file: /home/min/test/EfficientNav/efficientnav.py
[EfficientNav] units module: /home/min/test/EfficientNav/units.py
[EfficientNav] planner model: /home/min/test/models/InternVL3-1B
[EfficientNav] H2O cache: enabled=False budget=2048 recent=256 heavy=256 protected_prefix=0
FlashAttention2 is not installed.
[AI2-THOR WARNING] There has been an update to ProcTHOR-10K that must be used with AI2-THOR version 5.0+. To use the new version of ProcTHOR-10K, please update AI2-THOR to version 5.0+ by running:
    pip install --upgrade ai2thor
Alternatively, to downgrade to the old version of ProcTHOR-10K, run:
   prior.load_dataset("procthor-10k", revision="ab3cacd0fc17754d4c080a3fd50b18395fae8647")
Loading train:   0%|          | 0/10000 [00:00<?, ?it/s]Loading train:   9%|▉         | 895/10000 [00:00<00:01, 8949.43it/s]Loading train:  19%|█▊        | 1869/10000 [00:00<00:00, 9411.44it/s]Loading train:  28%|██▊       | 2832/10000 [00:00<00:00, 9508.78it/s]Loading train:  38%|███▊      | 3783/10000 [00:00<00:00, 9296.48it/s]Loading train:  47%|████▋     | 4714/10000 [00:00<00:00, 9129.32it/s]Loading train:  56%|█████▋    | 5628/10000 [00:00<00:00, 8925.10it/s]Loading train:  65%|██████▌   | 6522/10000 [00:00<00:00, 8838.05it/s]Loading train:  74%|███████▍  | 7407/10000 [00:00<00:00, 8814.32it/s]Loading train:  83%|████████▎ | 8303/10000 [00:00<00:00, 8857.30it/s]Loading train:  93%|█████████▎| 9262/10000 [00:01<00:00, 9077.04it/s]Loading train: 100%|██████████| 10000/10000 [00:01<00:00, 9085.81it/s]
Loading val:   0%|          | 0/1000 [00:00<?, ?it/s]Loading val:  99%|█████████▊| 986/1000 [00:00<00:00, 9849.09it/s]Loading val: 100%|██████████| 1000/1000 [00:00<00:00, 9807.59it/s]
Loading test:   0%|          | 0/1000 [00:00<?, ?it/s]Loading test:  97%|█████████▋| 971/1000 [00:00<00:00, 9703.58it/s]Loading test: 100%|██████████| 1000/1000 [00:00<00:00, 9646.45it/s]
Setting `pad_token_id` to `eos_token_id`:151645 for open-end generation.
Setting `pad_token_id` to `eos_token_id`:151645 for open-end generation.
Setting `pad_token_id` to `eos_token_id`:151645 for open-end generation.
Setting `pad_token_id` to `eos_token_id`:151645 for open-end generation.
[Debug] using forced house index=19
[Debug] selectable goal names count=64 sample=['baseballbat', 'basketball', 'bed', 'book', 'bottle', 'bowl', 'box', 'bread', 'candle', 'cd']
[Debug] using requested target object=tv
[Debug] reachable_positions=960 candidate_objects_for_tv=4
[Debug] starting independent environment episode=1/1
[Debug] experiment setup: seed=7 goal_instance_index=random start_index=random start_rotation=270.0 start_point=(3.750, 0.901, 8.750)
[Timing] pathfinder goal-distance elapsed=0.744s found=True
real_distance:3.8713203435596437
[Debug] observation rotation: angle=0 pause=0.25s
[Debug] observation rotation: angle=90 pause=0.25s
[Debug] observation rotation: angle=180 pause=0.25s
[Debug] observation rotation: angle=270 pause=0.25s
[Debug] calling detection service: position_id=big+0+0 angle=0 prompt='tv . paper . table .'
[Debug] received detection service result: position_id=big+0+0 angle=0
[Debug] calling detection service: position_id=big+0+0 angle=90 prompt='tv . box . desk .'
[Debug] received detection service result: position_id=big+0+0 angle=90
[Debug] calling detection service: position_id=big+0+0 angle=180 prompt='tv . plant . table . mirror .'
[Debug] received detection service result: position_id=big+0+0 angle=180
[Debug] calling detection service: position_id=big+0+0 angle=270 prompt='tv . window .'
[Debug] received detection service result: position_id=big+0+0 angle=270
[Debug] box_info_list_sum: [[{'label': 'table', 'box': [807, 824, 1023, 1023]}], [{'label': 'box', 'box': [0, 686, 142, 854]}, {'label': 'desk', 'box': [0, 695, 397, 1023]}], [{'label': 'plant', 'box': [179, 507, 224, 584]}, {'label': 'tv', 'box': [229, 444, 326, 503]}, {'label': 'table', 'box': [62, 570, 377, 702]}, {'label': 'mirror', 'box': [33, 410, 419, 820]}], [{'label': 'tv', 'box': [310, 555, 491, 684]}, {'label': 'window', 'box': [551, 457, 679, 586]}]]
diningtable
box
wall
[Debug] preserving goal candidate: label=tv angle=180 obj_id=125 visible_ratio=0.005488 bbox=98x59 box_match=0.9960 detection_bbox=97x59
tv
countertop
floor
[Debug] preserving goal candidate: label=tv angle=270 obj_id=127 visible_ratio=0.019017 bbox=180x127 box_match=0.8540 detection_bbox=181x129
[Debug] preserving goal candidate: label=tv angle=270 obj_id=134 visible_ratio=0.003865 bbox=191x85 box_match=0.0544 detection_bbox=181x129
tv
window
[Debug] max_similar_objs_list: [[('diningtable', 0, 37, 0.6230829358100891, 'diningtable', array([5.2956924 , 0.37110275, 9.6889715 ], dtype=float32))], [('box', 90, 12, 1.0, 'box', array([5.103216 , 0.9039136, 9.93354  ], dtype=float32))], [('wall', 180, 139, 0.5858284831047058, 'wall', array([4.055    , 1.9025515, 1.0135001], dtype=float32))], [('tv', 180, 125, 1.0, 'tv', array([6.8019023, 2.0757647, 2.0704536], dtype=float32))], [('countertop', 180, 29, 0.6580907702445984, 'countertop', array([6.560998  , 0.46919155, 3.2715907 ], dtype=float32))], [('floor', 180, 53, 0.6122258901596069, 'floor', array([4.055, 0.   , 3.041], dtype=float32))], [('tv', 270, 127, 1.0, 'tv', array([0.2101106, 0.8611783, 7.997017 ], dtype=float32))], [('window', 270, 175, 1.0, 'window', array([-2.2351742e-08,  1.4992062e+00,  9.5028582e+00], dtype=float32))]]
[Debug] empty_position: []
 {
    "Place": 0,
    "Angle": 0,
    "Objects": [
        "paper",
        "diningtable"
    ]
}{
    "Place": 0,
    "Angle": 90,
    "Objects": [
        "box"
    ]
}{
    "Place": 0,
    "Angle": 180,
    "Objects": [
        "wall",
        "floor",
        "countertop"
    ]
}{
    "Place": 0,
    "Angle": 270,
    "Objects": [
        "tv",
        "window"
    ]
}
[Debug] resolver candidates place=0: exact=5 relaxed_or_synthesized=1
[Debug] allowed planner objects: ['tv', 'window', 'box', 'countertop', 'diningtable']
[Debug] allowed planner objects by place: {0: ['tv', 'window', 'box', 'countertop', 'diningtable']}
[Debug] bypassing planner because goal is already observed: {"Place": 0, "Angle": 270, "Objects": ["tv"]}
{"Place": 0, "Angle": 270, "Objects": ["tv"]}
[Debug] planner selected: place=0, angle=270, objects=['tv']
last_key:[]
[Debug] allowed_targets_by_place[0] candidates: [('tv', 270, 127, 1.0, 'tv', array([0.2101106, 0.8611783, 7.997017 ], dtype=float32)), ('tv', 180, 125, 1.0, 'tv', array([6.8019023, 2.0757647, 2.0704536], dtype=float32)), ('window', 270, 175, 1.0, 'window', array([-2.2351742e-08,  1.4992062e+00,  9.5028582e+00], dtype=float32)), ('box', 90, 12, 1.0, 'box', array([5.103216 , 0.9039136, 9.93354  ], dtype=float32)), ('countertop', 180, 29, 0.6580907702445984, 'countertop', array([6.560998  , 0.46919155, 3.2715907 ], dtype=float32)), ('diningtable', 0, 37, 0.6230829358100891, 'diningtable', array([5.2956924 , 0.37110275, 9.6889715 ], dtype=float32))]
[Debug] resolved target tuple: ('tv', 270, 127, 1.0, 'tv', array([0.2101106, 0.8611783, 7.997017 ], dtype=float32)) from representative place 0
[Debug] resolved source place: 0 for representative place 0
0
final_goal:tv,sub_goal:tv,place:0,trajectory: tv in Place 0.
sub_target_id:127
target:tv
final_goal:tv
final_length:0
[Timing] pathfinder to-subgoal elapsed=0.763s found=True
[Debug] sub-goal visible on screen: label=tv ratio=0.022409 bbox=195x138
[Debug] calling detection service: position_id=goal-visible-1-0-3 angle=270 prompt='tv .'
[Debug] received detection service result: position_id=goal-visible-1-0-3 angle=270
[Debug] final goal visible on screen: label=tv ratio=0.022409 semantic_bbox=195x138 rgb_bbox=196x140
[Debug] saved final goal bbox: tmp/navigation_images/final_goal_visible_step_3.png
[Debug] final goal detected; approaching GT coordinates before stopping
[Timing] pathfinder final-approach elapsed=0.598s found=True
[Debug] close enough to final goal coordinates: label=tv distance=1.494
[Timing] episode elapsed=16.126s sr=1 spl=1.0000 final_length=2.7071
[Timing] val_auto episode total elapsed=16.126s goal=tv sr=1 spl=1.0000
[Debug] episode success: final_goal=tv sr=1 spl=1.0000 final_length=2.7071
